<?xml version="1.0" encoding="utf-8"?><testsuites name="pytest tests"><testsuite name="pytest" errors="5" failures="0" skipped="0" tests="87" time="2.056" timestamp="2026-01-19T19:45:20.154066+01:00" hostname="Neo16"><testcase classname="tests.test_agent_builder.TestBuildAgent" name="test_build_agent_success" time="0.015" /><testcase classname="tests.test_agent_builder.TestBuildAgent" name="test_build_agent_creates_directory" time="0.009" /><testcase classname="tests.test_agent_builder.TestBuildAgent" name="test_build_agent_versionless_names" time="0.008" /><testcase classname="tests.test_agent_builder.TestBuildAgent" name="test_build_agent_missing_ingredient" time="0.005" /><testcase classname="tests.test_agent_builder.TestBuildAgent" name="test_build_agent_skips_unchanged" time="0.009" /><testcase classname="tests.test_agent_builder.TestCheckNewerVersions" name="test_check_newer_versions_finds_updates" time="0.006" /><testcase classname="tests.test_agent_builder.TestCheckNewerVersions" name="test_check_newer_versions_all_current" time="0.006" /><testcase classname="tests.test_agent_builder.TestCheckNewerVersions" name="test_check_newer_versions_adds_warnings_to_build" time="0.010" /><testcase classname="tests.test_agent_builder.TestMakeVersionlessName" name="test_make_versionless_name_versioned" time="0.004" /><testcase classname="tests.test_agent_builder.TestMakeVersionlessName" name="test_make_versionless_name_already_versionless" time="0.004" /><testcase classname="tests.test_agent_builder.TestMakeVersionlessName" name="test_make_versionless_name_unknown_format" time="0.005" /><testcase classname="tests.test_agent_builder.TestGetSyncStatus" name="test_get_sync_status_not_deployed" time="0.007" /><testcase classname="tests.test_agent_builder.TestGetSyncStatus" name="test_get_sync_status_in_sync" time="0.010" /><testcase classname="tests.test_agent_builder.TestVersionUpdate" name="test_version_update_str" time="0.000" /><testcase classname="tests.test_agent_builder.TestVersionUpdate" name="test_version_update_properties" time="0.000" /><testcase classname="tests.test_config_panel" name="test_initial_state" time="0.931" /><testcase classname="tests.test_config_panel" name="test_add_selected" time="0.009" /><testcase classname="tests.test_config_panel" name="test_add_duplicate_prevention" time="0.008" /><testcase classname="tests.test_config_panel" name="test_remove_selected" time="0.007" /><testcase classname="tests.test_config_panel" name="test_move_up" time="0.009" /><testcase classname="tests.test_config_panel" name="test_move_down" time="0.007" /><testcase classname="tests.test_config_panel" name="test_new_profession" time="0.007" /><testcase classname="tests.test_config_panel" name="test_load_profession" time="0.009" /><testcase classname="tests.test_config_panel" name="test_save_profession" time="0.058" /><testcase classname="tests.test_json_repository" name="test_load_json_success" time="0.003" /><testcase classname="tests.test_json_repository" name="test_load_json_file_not_found" time="0.004" /><testcase classname="tests.test_json_repository" name="test_load_json_invalid_json" time="0.004" /><testcase classname="tests.test_json_repository" name="test_save_json_creates_file" time="0.003" /><testcase classname="tests.test_json_repository" name="test_save_json_overwrites_existing" time="0.004" /><testcase classname="tests.test_json_repository" name="test_save_json_creates_parent_directories" time="0.003" /><testcase classname="tests.test_json_repository" name="test_save_json_formats_with_indentation" time="0.003" /><testcase classname="tests.test_main_window.TestMainWindow" name="test_mainwindow_instantiation" time="0.144" /><testcase classname="tests.test_main_window.TestMainWindow" name="test_mainwindow_has_registry_tab" time="0.000" /><testcase classname="tests.test_main_window.TestMainWindow" name="test_mainwindow_has_build_tab" time="0.000" /><testcase classname="tests.test_main_window.TestMainWindow" name="test_status_bar_initial_text" time="0.024" /><testcase classname="tests.test_models.TestIngredient" name="test_from_dict_success" time="0.000" /><testcase classname="tests.test_models.TestIngredient" name="test_to_dict_success" time="0.000" /><testcase classname="tests.test_models.TestIngredient" name="test_round_trip_conversion" time="0.000" /><testcase classname="tests.test_models.TestRegistrySchema" name="test_from_dict_success" time="0.000" /><testcase classname="tests.test_models.TestRegistrySchema" name="test_from_dict_missing_version_raises_error" time="0.000" /><testcase classname="tests.test_models.TestRegistrySchema" name="test_validate_success" time="0.000" /><testcase classname="tests.test_models.TestRegistrySchema" name="test_validate_name_mismatch_raises_error" time="0.000" /><testcase classname="tests.test_models.TestRegistrySchema" name="test_to_dict_success" time="0.000" /><testcase classname="tests.test_models.TestAgentConfig" name="test_from_file_success" time="0.003" /><testcase classname="tests.test_models.TestAgentConfig" name="test_from_file_not_found_raises_error" time="0.002" /><testcase classname="tests.test_models.TestAgentConfig" name="test_from_file_invalid_json_raises_error" time="0.003" /><testcase classname="tests.test_models.TestAgentConfig" name="test_to_file_success" time="0.003" /><testcase classname="tests.test_models.TestAgentConfig" name="test_validate_success" time="0.000" /><testcase classname="tests.test_models.TestAgentConfig" name="test_validate_missing_ingredient_raises_error" time="0.000" /><testcase classname="tests.test_registry_panel.TestRegistryPanel" name="test_registry_panel_instantiation" time="0.008"><error message="failed on setup with &quot;_tkinter.TclError: invalid command name &quot;tcl_findLibrary&quot;&quot;">tests\test_registry_panel.py:31: in tk_root
    root = tk.Tk()
           ^^^^^^^
C:\Python314\Lib\tkinter\__init__.py:2479: in __init__
    self.tk = _tkinter.create(screenName, baseName, className, interactive, wantobjects, useTk, sync, use)
              ^^^^^^^^^^^^^^^^^^^^^^^^^^^^^^^^^^^^^^^^^^^^^^^^^^^^^^^^^^^^^^^^^^^^^^^^^^^^^^^^^^^^^^^^^^^^
E   _tkinter.TclError: invalid command name "tcl_findLibrary"</error></testcase><testcase classname="tests.test_registry_panel.TestRegistryPanel" name="test_refresh_list_calls_service" time="0.000"><error message="failed on setup with &quot;_tkinter.TclError: invalid command name &quot;tcl_findLibrary&quot;&quot;">tests\test_registry_panel.py:31: in tk_root
    root = tk.Tk()
           ^^^^^^^
C:\Python314\Lib\tkinter\__init__.py:2479: in __init__
    self.tk = _tkinter.create(screenName, baseName, className, interactive, wantobjects, useTk, sync, use)
              ^^^^^^^^^^^^^^^^^^^^^^^^^^^^^^^^^^^^^^^^^^^^^^^^^^^^^^^^^^^^^^^^^^^^^^^^^^^^^^^^^^^^^^^^^^^^
E   _tkinter.TclError: invalid command name "tcl_findLibrary"</error></testcase><testcase classname="tests.test_registry_panel.TestRegistryPanel" name="test_refresh_list_populates_treeview" time="0.000"><error message="failed on setup with &quot;_tkinter.TclError: invalid command name &quot;tcl_findLibrary&quot;&quot;">tests\test_registry_panel.py:31: in tk_root
    root = tk.Tk()
           ^^^^^^^
C:\Python314\Lib\tkinter\__init__.py:2479: in __init__
    self.tk = _tkinter.create(screenName, baseName, className, interactive, wantobjects, useTk, sync, use)
              ^^^^^^^^^^^^^^^^^^^^^^^^^^^^^^^^^^^^^^^^^^^^^^^^^^^^^^^^^^^^^^^^^^^^^^^^^^^^^^^^^^^^^^^^^^^^
E   _tkinter.TclError: invalid command name "tcl_findLibrary"</error></testcase><testcase classname="tests.test_registry_panel.TestRegistryPanel" name="test_status_callback_called_after_refresh" time="0.000"><error message="failed on setup with &quot;_tkinter.TclError: invalid command name &quot;tcl_findLibrary&quot;&quot;">tests\test_registry_panel.py:31: in tk_root
    root = tk.Tk()
           ^^^^^^^
C:\Python314\Lib\tkinter\__init__.py:2479: in __init__
    self.tk = _tkinter.create(screenName, baseName, className, interactive, wantobjects, useTk, sync, use)
              ^^^^^^^^^^^^^^^^^^^^^^^^^^^^^^^^^^^^^^^^^^^^^^^^^^^^^^^^^^^^^^^^^^^^^^^^^^^^^^^^^^^^^^^^^^^^
E   _tkinter.TclError: invalid command name "tcl_findLibrary"</error></testcase><testcase classname="tests.test_registry_panel.TestRegistryPanel" name="test_refresh_button_triggers_scan" time="0.000"><error message="failed on setup with &quot;_tkinter.TclError: invalid command name &quot;tcl_findLibrary&quot;&quot;">tests\test_registry_panel.py:31: in tk_root
    root = tk.Tk()
           ^^^^^^^
C:\Python314\Lib\tkinter\__init__.py:2479: in __init__
    self.tk = _tkinter.create(screenName, baseName, className, interactive, wantobjects, useTk, sync, use)
              ^^^^^^^^^^^^^^^^^^^^^^^^^^^^^^^^^^^^^^^^^^^^^^^^^^^^^^^^^^^^^^^^^^^^^^^^^^^^^^^^^^^^^^^^^^^^
E   _tkinter.TclError: invalid command name "tcl_findLibrary"</error></testcase><testcase classname="tests.test_registry_repository" name="test_load_registry_success" time="0.003" /><testcase classname="tests.test_registry_repository" name="test_load_registry_file_not_found" time="0.004" /><testcase classname="tests.test_registry_repository" name="test_load_registry_validates_schema" time="0.003" /><testcase classname="tests.test_registry_repository" name="test_save_registry_success" time="0.003" /><testcase classname="tests.test_registry_repository" name="test_save_registry_round_trip" time="0.005" /><testcase classname="tests.test_registry_service.TestAddIngredient" name="test_add_ingredient_success" time="0.007" /><testcase classname="tests.test_registry_service.TestAddIngredient" name="test_add_ingredient_with_custom_description" time="0.006" /><testcase classname="tests.test_registry_service.TestAddIngredient" name="test_add_ingredient_duplicate_error" time="0.007" /><testcase classname="tests.test_registry_service.TestAddIngredient" name="test_add_ingredient_file_not_found" time="0.005" /><testcase classname="tests.test_registry_service.TestRemoveIngredient" name="test_remove_ingredient_success" time="0.008" /><testcase classname="tests.test_registry_service.TestRemoveIngredient" name="test_remove_ingredient_not_found" time="0.006" /><testcase classname="tests.test_registry_service.TestGetIngredient" name="test_get_ingredient_found" time="0.007" /><testcase classname="tests.test_registry_service.TestGetIngredient" name="test_get_ingredient_not_found" time="0.006" /><testcase classname="tests.test_registry_service.TestListAll" name="test_list_all_empty" time="0.006" /><testcase classname="tests.test_registry_service.TestListAll" name="test_list_all_multiple" time="0.008" /><testcase classname="tests.test_registry_service.TestUpdateIngredientPath" name="test_update_ingredient_path_success" time="0.008" /><testcase classname="tests.test_registry_service.TestUpdateIngredientPath" name="test_update_ingredient_path_not_found" time="0.006" /><testcase classname="tests.test_registry_service.TestUpdateIngredientPath" name="test_update_ingredient_path_new_path_missing" time="0.007" /><testcase classname="tests.test_registry_service.TestExtractMetadata" name="test_extract_metadata_versioned" time="0.006" /><testcase classname="tests.test_registry_service.TestExtractMetadata" name="test_extract_metadata_versionless" time="0.006" /><testcase classname="tests.test_registry_service.TestExtractMetadata" name="test_extract_metadata_invalid_pattern" time="0.005" /><testcase classname="tests.test_registry_service.TestExtractMetadata" name="test_extract_metadata_mixed_case" time="0.006" /><testcase classname="tests.test_registry_service.TestExtractH1Heading" name="test_extract_h1_heading_success" time="0.005" /><testcase classname="tests.test_registry_service.TestExtractH1Heading" name="test_extract_h1_heading_no_heading" time="0.005" /><testcase classname="tests.test_registry_service.TestRefreshRegistry" name="test_refresh_registry_adds_new" time="0.009" /><testcase classname="tests.test_registry_service.TestRefreshRegistry" name="test_refresh_registry_multiple_directories" time="0.011" /><testcase classname="tests.test_registry_service.TestRefreshRegistry" name="test_refresh_registry_missing_directory" time="0.006" /><testcase classname="tests.test_registry_service.TestRefreshRegistry" name="test_refresh_registry_removes_deleted" time="0.010" /><testcase classname="tests.test_registry_service.TestVersionLookup" name="test_find_ingredients_by_basename" time="0.008" /><testcase classname="tests.test_registry_service.TestVersionLookup" name="test_get_latest_version" time="0.009" /><testcase classname="tests.test_registry_service.TestVersionLookup" name="test_get_latest_version_not_found" time="0.006" /><testcase classname="tests.test_sync_dialogs.TestSyncDialogs" name="test_update_available_dialog_init" time="0.002" /><testcase classname="tests.test_sync_dialogs.TestSyncDialogs" name="test_local_changes_dialog_init" time="0.001" /></testsuite></testsuites>